Maude> ==========================================
reduce in BAR : a .
==========================================
reduce in BAR : a .
rewrites: 2
result Bar: c
rewrites: 2
result Bar: c
==========================================
reduce in META-LEVEL : metaReduce(['BAR], 'a.Bar) .
*********** equation
eq [Q:Qid] = th Q:Qid is
  including Q:Qid .
  sorts none .
  none
  none
  none
  none
  none
endth .
Q:Qid --> 'BAR
['BAR]
--->
th 'BAR is
  including 'BAR .
  sorts none .
  none
  none
  none
  none
  none
endth
rewrites: 4
result ResultPair: {'c.Bar,'Bar}
Maude> Bye.
