==========================================
erewrite in ROT13 : run .

ROT13 Encryption
----------------
Enter plain text> Cypher text: Gur gvzr unf pbzr gur jnyehf fnvq,
Enter plain text> Cypher text:   Gb gnyx bs znal guvatf.
Enter plain text> Cypher text: Bs fubrf naq fuvcf naq frnyvat jnk,
Enter plain text> Cypher text:   Bs pnoontrf naq xvatf.
Enter plain text> Cypher text: Bs jul gur frn vf obvyvat ubg,
Enter plain text> Cypher text:   Naq jurgure cvtf unir jvatf.
Enter plain text> rewrites: 3516
result Configuration: <> < myObj : myClass | none >
Bye.
