==========================================
erewrite in NARROW-TEST : <> < me : User | start: ('g['f['#22:Foo,'#21:Foo,
    '#23:Foo]]),irred: empty > createInterpreter(interpreterManager, me, none)
    .
rewrites: 138
mb applications: 0  equational rewrites: 46  rule rewrites: 47  variant
    narrowing steps: 0  narrowing steps: 45
result Configuration: <> < me : User | soln: 46,got: (gotOneStepNarrowing(me,
    interpreter(0), 1, 'h['f['@1:Foo,'@2:Foo,'@3:Foo,'@4:Foo,'@5:Foo,'@6:Foo]],
    'Foo, [], ', 
  '#21:Foo <- 'f['@2:Foo,'@4:Foo,'@4:Foo,'@5:Foo] ; 
  '#22:Foo <- 'f['@1:Foo,'@1:Foo,'@2:Foo,'@3:Foo] ; 
  '#23:Foo <- 'f['@3:Foo,'@5:Foo,'@6:Foo,'@6:Foo], 
  'X:Foo <- 'f['@1:Foo,'@2:Foo,'@3:Foo,'@4:Foo,'@5:Foo,'@6:Foo], '@) ;
    gotOneStepNarrowing(me, interpreter(0), 1, 'h['f['@1:Foo,'@2:Foo,'@3:Foo,
    '@4:Foo,'@5:Foo]], 'Foo, [], ', 
  '#21:Foo <- 'f['@2:Foo,'@4:Foo,'@4:Foo,'@5:Foo] ; 
  '#22:Foo <- 'f['@1:Foo,'@1:Foo,'@2:Foo,'@3:Foo] ; 
  '#23:Foo <- 'f['@3:Foo,'@5:Foo], 
  'X:Foo <- 'f['@1:Foo,'@2:Foo,'@3:Foo,'@4:Foo,'@5:Foo], '@) ;
    gotOneStepNarrowing(me, interpreter(0), 1, 'h['f['@1:Foo,'@2:Foo,'@3:Foo,
    '@4:Foo,'@5:Foo]], 'Foo, [], ', 
  '#21:Foo <- 'f['@2:Foo,'@4:Foo,'@4:Foo] ; 
  '#22:Foo <- 'f['@1:Foo,'@1:Foo,'@2:Foo,'@3:Foo] ; 
  '#23:Foo <- 'f['@3:Foo,'@5:Foo,'@5:Foo], 
  'X:Foo <- 'f['@1:Foo,'@2:Foo,'@3:Foo,'@4:Foo,'@5:Foo], '@) ;
    gotOneStepNarrowing(me, interpreter(0), 1, 'h['f['@1:Foo,'@2:Foo,'@3:Foo,
    '@4:Foo]], 'Foo, [], ', 
  '#21:Foo <- 'f['@2:Foo,'@4:Foo,'@4:Foo] ; 
  '#22:Foo <- 'f['@1:Foo,'@1:Foo,'@2:Foo,'@3:Foo] ; 
  '#23:Foo <- '@3:Foo, 
  'X:Foo <- 'f['@1:Foo,'@2:Foo,'@3:Foo,'@4:Foo], '@) ; gotOneStepNarrowing(me,
    interpreter(0), 1, 'h['f['@1:Foo,'@2:Foo,'@3:Foo,'@4:Foo,'@5:Foo]], 'Foo, [
    ], ', 
  '#21:Foo <- 'f['@2:Foo,'@4:Foo] ; 
  '#22:Foo <- 'f['@1:Foo,'@1:Foo,'@2:Foo,'@3:Foo] ; 
  '#23:Foo <- 'f['@3:Foo,'@4:Foo,'@5:Foo,'@5:Foo], 
  'X:Foo <- 'f['@1:Foo,'@2:Foo,'@3:Foo,'@4:Foo,'@5:Foo], '@) ;
    gotOneStepNarrowing(me, interpreter(0), 1, 'h['f['@1:Foo,'@2:Foo,'@3:Foo,
    '@4:Foo]], 'Foo, [], ', 
  '#21:Foo <- 'f['@2:Foo,'@4:Foo] ; 
  '#22:Foo <- 'f['@1:Foo,'@1:Foo,'@2:Foo,'@3:Foo] ; 
  '#23:Foo <- 'f['@3:Foo,'@4:Foo], 
  'X:Foo <- 'f['@1:Foo,'@2:Foo,'@3:Foo,'@4:Foo], '@) ; gotOneStepNarrowing(me,
    interpreter(0), 1, 'h['f['@1:Foo,'@2:Foo,'@3:Foo,'@4:Foo]], 'Foo, [], ', 
  '#21:Foo <- '@2:Foo ; 
  '#22:Foo <- 'f['@1:Foo,'@1:Foo,'@2:Foo,'@3:Foo] ; 
  '#23:Foo <- 'f['@3:Foo,'@4:Foo,'@4:Foo], 
  'X:Foo <- 'f['@1:Foo,'@2:Foo,'@3:Foo,'@4:Foo], '@) ; gotOneStepNarrowing(me,
    interpreter(0), 1, 'h['f['@1:Foo,'@2:Foo,'@3:Foo]], 'Foo, [], ', 
  '#21:Foo <- '@2:Foo ; 
  '#22:Foo <- 'f['@1:Foo,'@1:Foo,'@2:Foo,'@3:Foo] ; 
  '#23:Foo <- '@3:Foo, 
  'X:Foo <- 'f['@1:Foo,'@2:Foo,'@3:Foo], '@) ; gotOneStepNarrowing(me,
    interpreter(0), 1, 'h['f['@1:Foo,'@2:Foo,'@3:Foo,'@4:Foo,'@5:Foo]], 'Foo, [
    ], ', 
  '#21:Foo <- 'f['@2:Foo,'@3:Foo,'@3:Foo,'@4:Foo] ; 
  '#22:Foo <- 'f['@1:Foo,'@1:Foo,'@2:Foo] ; 
  '#23:Foo <- 'f['@4:Foo,'@5:Foo,'@5:Foo], 
  'X:Foo <- 'f['@1:Foo,'@2:Foo,'@3:Foo,'@4:Foo,'@5:Foo], '@) ;
    gotOneStepNarrowing(me, interpreter(0), 1, 'h['f['@1:Foo,'@2:Foo,'@3:Foo,
    '@4:Foo]], 'Foo, [], ', 
  '#21:Foo <- 'f['@2:Foo,'@3:Foo,'@3:Foo,'@4:Foo] ; 
  '#22:Foo <- 'f['@1:Foo,'@1:Foo,'@2:Foo] ; 
  '#23:Foo <- '@4:Foo, 
  'X:Foo <- 'f['@1:Foo,'@2:Foo,'@3:Foo,'@4:Foo], '@) ; gotOneStepNarrowing(me,
    interpreter(0), 1, 'h['f['@1:Foo,'@2:Foo,'@3:Foo,'@4:Foo]], 'Foo, [], ', 
  '#21:Foo <- 'f['@2:Foo,'@3:Foo,'@3:Foo] ; 
  '#22:Foo <- 'f['@1:Foo,'@1:Foo,'@2:Foo] ; 
  '#23:Foo <- 'f['@4:Foo,'@4:Foo], 
  'X:Foo <- 'f['@1:Foo,'@2:Foo,'@3:Foo,'@4:Foo], '@) ; gotOneStepNarrowing(me,
    interpreter(0), 1, 'h['f['@1:Foo,'@2:Foo,'@3:Foo,'@4:Foo]], 'Foo, [], ', 
  '#21:Foo <- 'f['@2:Foo,'@3:Foo] ; 
  '#22:Foo <- 'f['@1:Foo,'@1:Foo,'@2:Foo] ; 
  '#23:Foo <- 'f['@3:Foo,'@4:Foo,'@4:Foo], 
  'X:Foo <- 'f['@1:Foo,'@2:Foo,'@3:Foo,'@4:Foo], '@) ; gotOneStepNarrowing(me,
    interpreter(0), 1, 'h['f['@1:Foo,'@2:Foo,'@3:Foo]], 'Foo, [], ', 
  '#21:Foo <- 'f['@2:Foo,'@3:Foo] ; 
  '#22:Foo <- 'f['@1:Foo,'@1:Foo,'@2:Foo] ; 
  '#23:Foo <- '@3:Foo, 
  'X:Foo <- 'f['@1:Foo,'@2:Foo,'@3:Foo], '@) ; gotOneStepNarrowing(me,
    interpreter(0), 1, 'h['f['@1:Foo,'@2:Foo,'@3:Foo]], 'Foo, [], ', 
  '#21:Foo <- '@2:Foo ; 
  '#22:Foo <- 'f['@1:Foo,'@1:Foo,'@2:Foo] ; 
  '#23:Foo <- 'f['@3:Foo,'@3:Foo], 
  'X:Foo <- 'f['@1:Foo,'@2:Foo,'@3:Foo], '@) ; gotOneStepNarrowing(me,
    interpreter(0), 1, 'h['f['@1:Foo,'@2:Foo,'@3:Foo,'@4:Foo,'@5:Foo]], 'Foo, [
    ], ', 
  '#21:Foo <- 'f['@3:Foo,'@3:Foo,'@4:Foo] ; 
  '#22:Foo <- 'f['@1:Foo,'@1:Foo,'@2:Foo] ; 
  '#23:Foo <- 'f['@2:Foo,'@4:Foo,'@5:Foo,'@5:Foo], 
  'X:Foo <- 'f['@1:Foo,'@2:Foo,'@3:Foo,'@4:Foo,'@5:Foo], '@) ;
    gotOneStepNarrowing(me, interpreter(0), 1, 'h['f['@1:Foo,'@2:Foo,'@3:Foo,
    '@4:Foo]], 'Foo, [], ', 
  '#21:Foo <- 'f['@3:Foo,'@3:Foo,'@4:Foo] ; 
  '#22:Foo <- 'f['@1:Foo,'@1:Foo,'@2:Foo] ; 
  '#23:Foo <- 'f['@2:Foo,'@4:Foo], 
  'X:Foo <- 'f['@1:Foo,'@2:Foo,'@3:Foo,'@4:Foo], '@) ; gotOneStepNarrowing(me,
    interpreter(0), 1, 'h['f['@1:Foo,'@2:Foo,'@3:Foo,'@4:Foo]], 'Foo, [], ', 
  '#21:Foo <- 'f['@3:Foo,'@3:Foo] ; 
  '#22:Foo <- 'f['@1:Foo,'@1:Foo,'@2:Foo] ; 
  '#23:Foo <- 'f['@2:Foo,'@4:Foo,'@4:Foo], 
  'X:Foo <- 'f['@1:Foo,'@2:Foo,'@3:Foo,'@4:Foo], '@) ; gotOneStepNarrowing(me,
    interpreter(0), 1, 'h['f['@1:Foo,'@2:Foo,'@3:Foo]], 'Foo, [], ', 
  '#21:Foo <- 'f['@3:Foo,'@3:Foo] ; 
  '#22:Foo <- 'f['@1:Foo,'@1:Foo,'@2:Foo] ; 
  '#23:Foo <- '@2:Foo, 
  'X:Foo <- 'f['@1:Foo,'@2:Foo,'@3:Foo], '@) ; gotOneStepNarrowing(me,
    interpreter(0), 1, 'h['f['@1:Foo,'@2:Foo,'@3:Foo,'@4:Foo]], 'Foo, [], ', 
  '#21:Foo <- '@3:Foo ; 
  '#22:Foo <- 'f['@1:Foo,'@1:Foo,'@2:Foo] ; 
  '#23:Foo <- 'f['@2:Foo,'@3:Foo,'@4:Foo,'@4:Foo], 
  'X:Foo <- 'f['@1:Foo,'@2:Foo,'@3:Foo,'@4:Foo], '@) ; gotOneStepNarrowing(me,
    interpreter(0), 1, 'h['f['@1:Foo,'@2:Foo,'@3:Foo]], 'Foo, [], ', 
  '#21:Foo <- '@3:Foo ; 
  '#22:Foo <- 'f['@1:Foo,'@1:Foo,'@2:Foo] ; 
  '#23:Foo <- 'f['@2:Foo,'@3:Foo], 
  'X:Foo <- 'f['@1:Foo,'@2:Foo,'@3:Foo], '@) ; gotOneStepNarrowing(me,
    interpreter(0), 1, 'h['f['@1:Foo,'@2:Foo,'@3:Foo,'@4:Foo]], 'Foo, [], ', 
  '#21:Foo <- 'f['@2:Foo,'@2:Foo,'@3:Foo] ; 
  '#22:Foo <- 'f['@1:Foo,'@1:Foo] ; 
  '#23:Foo <- 'f['@3:Foo,'@4:Foo,'@4:Foo], 
  'X:Foo <- 'f['@1:Foo,'@2:Foo,'@3:Foo,'@4:Foo], '@) ; gotOneStepNarrowing(me,
    interpreter(0), 1, 'h['f['@1:Foo,'@2:Foo,'@3:Foo]], 'Foo, [], ', 
  '#21:Foo <- 'f['@2:Foo,'@2:Foo,'@3:Foo] ; 
  '#22:Foo <- 'f['@1:Foo,'@1:Foo] ; 
  '#23:Foo <- '@3:Foo, 
  'X:Foo <- 'f['@1:Foo,'@2:Foo,'@3:Foo], '@) ; gotOneStepNarrowing(me,
    interpreter(0), 1, 'h['f['@1:Foo,'@2:Foo,'@3:Foo]], 'Foo, [], ', 
  '#21:Foo <- 'f['@2:Foo,'@2:Foo] ; 
  '#22:Foo <- 'f['@1:Foo,'@1:Foo] ; 
  '#23:Foo <- 'f['@3:Foo,'@3:Foo], 
  'X:Foo <- 'f['@1:Foo,'@2:Foo,'@3:Foo], '@) ; gotOneStepNarrowing(me,
    interpreter(0), 1, 'h['f['@1:Foo,'@2:Foo,'@3:Foo]], 'Foo, [], ', 
  '#21:Foo <- '@2:Foo ; 
  '#22:Foo <- 'f['@1:Foo,'@1:Foo] ; 
  '#23:Foo <- 'f['@2:Foo,'@3:Foo,'@3:Foo], 
  'X:Foo <- 'f['@1:Foo,'@2:Foo,'@3:Foo], '@) ; gotOneStepNarrowing(me,
    interpreter(0), 1, 'h['f['@1:Foo,'@2:Foo]], 'Foo, [], ', 
  '#21:Foo <- '@2:Foo ; 
  '#22:Foo <- 'f['@1:Foo,'@1:Foo] ; 
  '#23:Foo <- '@2:Foo, 
  'X:Foo <- 'f['@1:Foo,'@2:Foo], '@) ; gotOneStepNarrowing(me, interpreter(0),
    1, 'h['f['@1:Foo,'@2:Foo,'@3:Foo,'@4:Foo,'@5:Foo]], 'Foo, [], ', 
  '#21:Foo <- 'f['@1:Foo,'@3:Foo,'@3:Foo,'@4:Foo] ; 
  '#22:Foo <- 'f['@1:Foo,'@2:Foo] ; 
  '#23:Foo <- 'f['@2:Foo,'@4:Foo,'@5:Foo,'@5:Foo], 
  'X:Foo <- 'f['@1:Foo,'@2:Foo,'@3:Foo,'@4:Foo,'@5:Foo], '@) ;
    gotOneStepNarrowing(me, interpreter(0), 1, 'h['f['@1:Foo,'@2:Foo,'@3:Foo,
    '@4:Foo]], 'Foo, [], ', 
  '#21:Foo <- 'f['@1:Foo,'@3:Foo,'@3:Foo,'@4:Foo] ; 
  '#22:Foo <- 'f['@1:Foo,'@2:Foo] ; 
  '#23:Foo <- 'f['@2:Foo,'@4:Foo], 
  'X:Foo <- 'f['@1:Foo,'@2:Foo,'@3:Foo,'@4:Foo], '@) ; gotOneStepNarrowing(me,
    interpreter(0), 1, 'h['f['@1:Foo,'@2:Foo,'@3:Foo,'@4:Foo]], 'Foo, [], ', 
  '#21:Foo <- 'f['@1:Foo,'@3:Foo,'@3:Foo] ; 
  '#22:Foo <- 'f['@1:Foo,'@2:Foo] ; 
  '#23:Foo <- 'f['@2:Foo,'@4:Foo,'@4:Foo], 
  'X:Foo <- 'f['@1:Foo,'@2:Foo,'@3:Foo,'@4:Foo], '@) ; gotOneStepNarrowing(me,
    interpreter(0), 1, 'h['f['@1:Foo,'@2:Foo,'@3:Foo]], 'Foo, [], ', 
  '#21:Foo <- 'f['@1:Foo,'@3:Foo,'@3:Foo] ; 
  '#22:Foo <- 'f['@1:Foo,'@2:Foo] ; 
  '#23:Foo <- '@2:Foo, 
  'X:Foo <- 'f['@1:Foo,'@2:Foo,'@3:Foo], '@) ; gotOneStepNarrowing(me,
    interpreter(0), 1, 'h['f['@1:Foo,'@2:Foo,'@3:Foo,'@4:Foo]], 'Foo, [], ', 
  '#21:Foo <- 'f['@1:Foo,'@3:Foo] ; 
  '#22:Foo <- 'f['@1:Foo,'@2:Foo] ; 
  '#23:Foo <- 'f['@2:Foo,'@3:Foo,'@4:Foo,'@4:Foo], 
  'X:Foo <- 'f['@1:Foo,'@2:Foo,'@3:Foo,'@4:Foo], '@) ; gotOneStepNarrowing(me,
    interpreter(0), 1, 'h['f['@1:Foo,'@2:Foo,'@3:Foo]], 'Foo, [], ', 
  '#21:Foo <- 'f['@1:Foo,'@3:Foo] ; 
  '#22:Foo <- 'f['@1:Foo,'@2:Foo] ; 
  '#23:Foo <- 'f['@2:Foo,'@3:Foo], 
  'X:Foo <- 'f['@1:Foo,'@2:Foo,'@3:Foo], '@) ; gotOneStepNarrowing(me,
    interpreter(0), 1, 'h['f['@1:Foo,'@2:Foo,'@3:Foo]], 'Foo, [], ', 
  '#21:Foo <- '@1:Foo ; 
  '#22:Foo <- 'f['@1:Foo,'@2:Foo] ; 
  '#23:Foo <- 'f['@2:Foo,'@3:Foo,'@3:Foo], 
  'X:Foo <- 'f['@1:Foo,'@2:Foo,'@3:Foo], '@) ; gotOneStepNarrowing(me,
    interpreter(0), 1, 'h['f['@1:Foo,'@2:Foo]], 'Foo, [], ', 
  '#21:Foo <- '@1:Foo ; 
  '#22:Foo <- 'f['@1:Foo,'@2:Foo] ; 
  '#23:Foo <- '@2:Foo, 
  'X:Foo <- 'f['@1:Foo,'@2:Foo], '@) ; gotOneStepNarrowing(me, interpreter(0),
    1, 'h['f['@1:Foo,'@2:Foo,'@3:Foo,'@4:Foo]], 'Foo, [], ', 
  '#21:Foo <- 'f['@1:Foo,'@2:Foo,'@2:Foo,'@3:Foo] ; 
  '#22:Foo <- '@1:Foo ; 
  '#23:Foo <- 'f['@3:Foo,'@4:Foo,'@4:Foo], 
  'X:Foo <- 'f['@1:Foo,'@2:Foo,'@3:Foo,'@4:Foo], '@) ; gotOneStepNarrowing(me,
    interpreter(0), 1, 'h['f['@1:Foo,'@2:Foo,'@3:Foo]], 'Foo, [], ', 
  '#21:Foo <- 'f['@1:Foo,'@2:Foo,'@2:Foo,'@3:Foo] ; 
  '#22:Foo <- '@1:Foo ; 
  '#23:Foo <- '@3:Foo, 
  'X:Foo <- 'f['@1:Foo,'@2:Foo,'@3:Foo], '@) ; gotOneStepNarrowing(me,
    interpreter(0), 1, 'h['f['@1:Foo,'@2:Foo,'@3:Foo]], 'Foo, [], ', 
  '#21:Foo <- 'f['@1:Foo,'@2:Foo,'@2:Foo] ; 
  '#22:Foo <- '@1:Foo ; 
  '#23:Foo <- 'f['@3:Foo,'@3:Foo], 
  'X:Foo <- 'f['@1:Foo,'@2:Foo,'@3:Foo], '@) ; gotOneStepNarrowing(me,
    interpreter(0), 1, 'h['f['@1:Foo,'@2:Foo,'@3:Foo]], 'Foo, [], ', 
  '#21:Foo <- 'f['@1:Foo,'@2:Foo] ; 
  '#22:Foo <- '@1:Foo ; 
  '#23:Foo <- 'f['@2:Foo,'@3:Foo,'@3:Foo], 
  'X:Foo <- 'f['@1:Foo,'@2:Foo,'@3:Foo], '@) ; gotOneStepNarrowing(me,
    interpreter(0), 1, 'h['f['@1:Foo,'@2:Foo]], 'Foo, [], ', 
  '#21:Foo <- 'f['@1:Foo,'@2:Foo] ; 
  '#22:Foo <- '@1:Foo ; 
  '#23:Foo <- '@2:Foo, 
  'X:Foo <- 'f['@1:Foo,'@2:Foo], '@) ; gotOneStepNarrowing(me, interpreter(0),
    1, 'h['f['@1:Foo,'@2:Foo]], 'Foo, [], ', 
  '#21:Foo <- '@1:Foo ; 
  '#22:Foo <- '@1:Foo ; 
  '#23:Foo <- 'f['@2:Foo,'@2:Foo], 
  'X:Foo <- 'f['@1:Foo,'@2:Foo], '@) ; gotOneStepNarrowing(me, interpreter(0),
    1, 'h['f['@1:Foo,'@2:Foo,'@3:Foo,'@4:Foo]], 'Foo, [], ', 
  '#21:Foo <- 'f['@2:Foo,'@2:Foo,'@3:Foo] ; 
  '#22:Foo <- '@1:Foo ; 
  '#23:Foo <- 'f['@1:Foo,'@3:Foo,'@4:Foo,'@4:Foo], 
  'X:Foo <- 'f['@1:Foo,'@2:Foo,'@3:Foo,'@4:Foo], '@) ; gotOneStepNarrowing(me,
    interpreter(0), 1, 'h['f['@1:Foo,'@2:Foo,'@3:Foo]], 'Foo, [], ', 
  '#21:Foo <- 'f['@2:Foo,'@2:Foo,'@3:Foo] ; 
  '#22:Foo <- '@1:Foo ; 
  '#23:Foo <- 'f['@1:Foo,'@3:Foo], 
  'X:Foo <- 'f['@1:Foo,'@2:Foo,'@3:Foo], '@) ; gotOneStepNarrowing(me,
    interpreter(0), 1, 'h['f['@1:Foo,'@2:Foo,'@3:Foo]], 'Foo, [], ', 
  '#21:Foo <- 'f['@2:Foo,'@2:Foo] ; 
  '#22:Foo <- '@1:Foo ; 
  '#23:Foo <- 'f['@1:Foo,'@3:Foo,'@3:Foo], 
  'X:Foo <- 'f['@1:Foo,'@2:Foo,'@3:Foo], '@) ; gotOneStepNarrowing(me,
    interpreter(0), 1, 'h['f['@1:Foo,'@2:Foo]], 'Foo, [], ', 
  '#21:Foo <- 'f['@2:Foo,'@2:Foo] ; 
  '#22:Foo <- '@1:Foo ; 
  '#23:Foo <- '@1:Foo, 
  'X:Foo <- 'f['@1:Foo,'@2:Foo], '@) ; gotOneStepNarrowing(me, interpreter(0),
    1, 'h['f['@1:Foo,'@2:Foo,'@3:Foo]], 'Foo, [], ', 
  '#21:Foo <- '@2:Foo ; 
  '#22:Foo <- '@1:Foo ; 
  '#23:Foo <- 'f['@1:Foo,'@2:Foo,'@3:Foo,'@3:Foo], 
  'X:Foo <- 'f['@1:Foo,'@2:Foo,'@3:Foo], '@) ; gotOneStepNarrowing(me,
    interpreter(0), 1, 'h['f['@1:Foo,'@2:Foo]], 'Foo, [], ', 
  '#21:Foo <- '@2:Foo ; 
  '#22:Foo <- '@1:Foo ; 
  '#23:Foo <- 'f['@1:Foo,'@2:Foo], 
  'X:Foo <- 'f['@1:Foo,'@2:Foo], '@)),start: ('g['f['#22:Foo,'#21:Foo,
    '#23:Foo]]),irred: empty > noSuchResult(me, interpreter(0), 0, true)
==========================================
erewrite in NARROW-TEST : <> < me : User | start: ('g['f['#22:Foo,'#21:Foo,
    '#23:Foo]]),irred: empty > createInterpreter(interpreterManager, me, none)
    .
rewrites: 24
mb applications: 0  equational rewrites: 8  rule rewrites: 9  variant narrowing
    steps: 0  narrowing steps: 7
result Configuration: <> < me : User | soln: 8,got: (gotOneStepNarrowing(me,
    interpreter(0), 1, 'h['f['@1:Foo,'@2:Foo,'@3:Foo]], 'Foo, [], ', 
  '#21:Foo <- '@2:Foo ; 
  '#22:Foo <- 'f['@1:Foo,'@2:Foo,'@3:Foo,'@1:Foo] ; 
  '#23:Foo <- '@3:Foo, 
  'X:Foo <- 'f['@1:Foo,'@2:Foo,'@3:Foo], '@) ; gotOneStepNarrowing(me,
    interpreter(0), 1, 'h['f['@1:Foo,'@2:Foo,'@3:Foo]], 'Foo, [], ', 
  '#21:Foo <- 'f['@2:Foo,'@3:Foo,'@1:Foo,'@2:Foo] ; 
  '#22:Foo <- '@1:Foo ; 
  '#23:Foo <- '@3:Foo, 
  'X:Foo <- 'f['@1:Foo,'@2:Foo,'@3:Foo], '@) ; gotOneStepNarrowing(me,
    interpreter(0), 1, 'h['f['@1:Foo,'@2:Foo,'@3:Foo]], 'Foo, [], ', 
  '#21:Foo <- 'f['@3:Foo,'@1:Foo] ; 
  '#22:Foo <- 'f['@1:Foo,'@2:Foo] ; 
  '#23:Foo <- 'f['@2:Foo,'@3:Foo], 
  'X:Foo <- 'f['@1:Foo,'@2:Foo,'@3:Foo], '@) ; gotOneStepNarrowing(me,
    interpreter(0), 1, 'h['f['@1:Foo,'@2:Foo]], 'Foo, [], ', 
  '#21:Foo <- 'f['@2:Foo,'@1:Foo] ; 
  '#22:Foo <- '@1:Foo ; 
  '#23:Foo <- '@2:Foo, 
  'X:Foo <- 'f['@1:Foo,'@2:Foo], '@) ; gotOneStepNarrowing(me, interpreter(0),
    1, 'h['f['@1:Foo,'@2:Foo,'@3:Foo]], 'Foo, [], ', 
  '#21:Foo <- '@2:Foo ; 
  '#22:Foo <- '@1:Foo ; 
  '#23:Foo <- 'f['@3:Foo,'@1:Foo,'@2:Foo,'@3:Foo], 
  'X:Foo <- 'f['@1:Foo,'@2:Foo,'@3:Foo], '@) ; gotOneStepNarrowing(me,
    interpreter(0), 1, 'h['f['@1:Foo,'@2:Foo]], 'Foo, [], ', 
  '#21:Foo <- '@2:Foo ; 
  '#22:Foo <- '@1:Foo ; 
  '#23:Foo <- 'f['@1:Foo,'@2:Foo], 
  'X:Foo <- 'f['@1:Foo,'@2:Foo], '@) ; gotOneStepNarrowing(me, interpreter(0),
    1, 'h['f['@1:Foo,'@2:Foo]], 'Foo, [], ', 
  '#21:Foo <- '@1:Foo ; 
  '#22:Foo <- 'f['@1:Foo,'@2:Foo] ; 
  '#23:Foo <- '@2:Foo, 
  'X:Foo <- 'f['@1:Foo,'@2:Foo], '@)),start: ('g['f['#22:Foo,'#21:Foo,
    '#23:Foo]]),irred: empty > noSuchResult(me, interpreter(0), 0, true)
==========================================
erewrite in NARROW-TEST : <> < me : User | start: ('g['f['#22:Foo,'#22:Foo,
    '#23:Foo]]),irred: empty > createInterpreter(interpreterManager, me, none)
    .
Warning: Unification modulo the theory of operator f has encountered an
    instance for which it may not be complete.
rewrites: 9
mb applications: 0  equational rewrites: 3  rule rewrites: 4  variant narrowing
    steps: 0  narrowing steps: 2
result Configuration: <> < me : User | soln: 3,got: (gotOneStepNarrowing(me,
    interpreter(0), 1, 'h['f['@1:Foo,'@1:Foo,'@2:Foo]], 'Foo, [], ', 
  '#22:Foo <- '@1:Foo ; 
  '#23:Foo <- 'f['@2:Foo,'@1:Foo,'@1:Foo,'@2:Foo], 
  'X:Foo <- 'f['@1:Foo,'@1:Foo,'@2:Foo], '@) ; gotOneStepNarrowing(me,
    interpreter(0), 1, 'h['f['@1:Foo,'@1:Foo]], 'Foo, [], ', 
  '#22:Foo <- '@1:Foo ; 
  '#23:Foo <- 'f['@1:Foo,'@1:Foo], 
  'X:Foo <- 'f['@1:Foo,'@1:Foo], '@)),start: ('g['f['#22:Foo,'#22:Foo,
    '#23:Foo]]),irred: empty > noSuchResult(me, interpreter(0), 0, false)
==========================================
erewrite in NARROW-TEST : <> < me : User | start: ('g['f['#22:Foo,'#23:Foo,
    '#23:Foo]]),irred: empty > createInterpreter(interpreterManager, me, none)
    .
Warning: Unification modulo the theory of operator f has encountered an
    instance for which it may not be complete.
rewrites: 15
mb applications: 0  equational rewrites: 5  rule rewrites: 6  variant narrowing
    steps: 0  narrowing steps: 4
result Configuration: <> < me : User | soln: 5,got: (gotOneStepNarrowing(me,
    interpreter(0), 1, 'h['f['@1:Foo,'@2:Foo,'@2:Foo,'@1:Foo,'@2:Foo]], 'Foo, [
    ], ', 
  '#22:Foo <- 'f['@1:Foo,'@2:Foo,'@2:Foo,'@1:Foo] ; 
  '#23:Foo <- 'f['@2:Foo,'@1:Foo,'@2:Foo], 
  'X:Foo <- 'f['@1:Foo,'@2:Foo,'@2:Foo,'@1:Foo,'@2:Foo], '@) ;
    gotOneStepNarrowing(me, interpreter(0), 1, 'h['f['@1:Foo,'@1:Foo,'@1:Foo]],
    'Foo, [], ', 
  '#22:Foo <- 'f['@1:Foo,'@1:Foo] ; 
  '#23:Foo <- 'f['@1:Foo,'@1:Foo], 
  'X:Foo <- 'f['@1:Foo,'@1:Foo,'@1:Foo], '@) ; gotOneStepNarrowing(me,
    interpreter(0), 1, 'h['f['@1:Foo,'@2:Foo,'@2:Foo]], 'Foo, [], ', 
  '#22:Foo <- 'f['@1:Foo,'@2:Foo,'@2:Foo,'@1:Foo] ; 
  '#23:Foo <- '@2:Foo, 
  'X:Foo <- 'f['@1:Foo,'@2:Foo,'@2:Foo], '@) ; gotOneStepNarrowing(me,
    interpreter(0), 1, 'h['f['@1:Foo,'@1:Foo]], 'Foo, [], ', 
  '#22:Foo <- 'f['@1:Foo,'@1:Foo] ; 
  '#23:Foo <- '@1:Foo, 
  'X:Foo <- 'f['@1:Foo,'@1:Foo], '@)),start: ('g['f['#22:Foo,'#23:Foo,
    '#23:Foo]]),irred: empty > noSuchResult(me, interpreter(0), 0, false)
==========================================
erewrite in NARROW-TEST : <> < me : User | start: ('f['g['_+_['W:Expr,'b.Elt]],
    'Z:Expr]),irred: ('_+_['W:Expr,'b.Elt]) > createInterpreter(
    interpreterManager, me, none) .
rewrites: 24
mb applications: 0  equational rewrites: 4  rule rewrites: 5  variant narrowing
    steps: 12  narrowing steps: 3
result Configuration: <> < me : User | soln: 4,got: (gotOneStepNarrowing(me,
    interpreter(0), 7, 'f['h['_+_['b.Elt,'@1:Expr]],'@2:Expr], 'Expr, 'f[[],
    'Z:Expr], 'one, 
  'W:Expr <- '_+_['a.Elt,'@1:Expr] ; 
  'Z:Expr <- '@2:Expr, 
  'Y:Expr <- '_+_['b.Elt,'@1:Expr], '@) ; gotOneStepNarrowing(me, interpreter(
    0), 1, 'f['h['b.Elt],'@1:Expr], 'Expr, 'f[[],'Z:Expr], 'one, 
  'W:Expr <- 'a.Elt ; 
  'Z:Expr <- '@1:Expr, 
  'Y:Expr <- 'b.Elt, '@) ; gotOneStepNarrowing(me, interpreter(0), 1, 'f['h[
    '_+_['a.Elt,'b.Elt,'%1:Expr]],'%2:Expr], 'Expr, 'f[[],'Z:Expr], 'one, 
  'W:Expr <- '%1:Expr ; 
  'Z:Expr <- '%2:Expr, 
  'Y:Expr <- '_+_['a.Elt,'b.Elt,'%1:Expr], '%)),start: ('f['g['_+_['W:Expr,
    'b.Elt]],'Z:Expr]),irred: ('_+_['W:Expr,'b.Elt]) > noSuchResult(me,
    interpreter(0), 6, true)
==========================================
erewrite in NARROW-TEST : <> < me : User | start: ('f['g['_+_['W:Expr,'b.Elt]],
    'Z:Expr]),irred: ('_+_['X:Expr,'b.Elt]) > createInterpreter(
    interpreterManager, me, none) .
rewrites: 114
mb applications: 0  equational rewrites: 13  rule rewrites: 14  variant
    narrowing steps: 75  narrowing steps: 12
result Configuration: <> < me : User | soln: 13,got: (gotOneStepNarrowing(me,
    interpreter(0), 31, 'f['h['_+_['b.Elt,'@1:Expr]],'@2:Expr], 'Expr, 'f[[],
    'Z:Expr], 'one, 
  'W:Expr <- '_+_['a.Elt,'@1:Expr] ; 
  'Z:Expr <- '@2:Expr, 
  'Y:Expr <- '_+_['b.Elt,'@1:Expr], '@) ; gotOneStepNarrowing(me, interpreter(
    0), 1, 'f['h['b.Elt],'@1:Expr], 'Expr, 'f[[],'Z:Expr], 'one, 
  'W:Expr <- 'a.Elt ; 
  'Z:Expr <- '@1:Expr, 
  'Y:Expr <- 'b.Elt, '@) ; gotOneStepNarrowing(me, interpreter(0), 19, 'f['h[
    '_+_['a.Elt,'b.Elt,'%1:Expr]],'%2:Expr], 'Expr, 'f[[],'Z:Expr], 'one, 
  'W:Expr <- '%1:Expr ; 
  'Z:Expr <- '%2:Expr, 
  'Y:Expr <- '_+_['a.Elt,'b.Elt,'%1:Expr], '%) ; gotOneStepNarrowing(me,
    interpreter(0), 1, 'f['h['%1:Expr],'%2:Expr], 'Expr, 'f[[],'Z:Expr], 'one, 
  'W:Expr <- '_+_['a.Elt,'b.Elt,'%1:Expr] ; 
  'Z:Expr <- '%2:Expr, 
  'Y:Expr <- '%1:Expr, '%) ; gotOneStepNarrowing(me, interpreter(0), 1, 'f['h[
    '0.Elt],'@1:Expr], 'Expr, 'f[[],'Z:Expr], 'one, 
  'W:Expr <- '_+_['a.Elt,'b.Elt] ; 
  'Z:Expr <- '@1:Expr, 
  'Y:Expr <- '0.Elt, '@) ; gotOneStepNarrowing(me, interpreter(0), 1, 'f['h[
    'a.Elt],'@1:Expr], 'Expr, 'f[[],'Z:Expr], 'one, 
  'W:Expr <- 'b.Elt ; 
  'Z:Expr <- '@1:Expr, 
  'Y:Expr <- 'a.Elt, '@) ; gotOneStepNarrowing(me, interpreter(0), 1, 'f['h[
    '_+_['a.Elt,'b.Elt]],'@1:Expr], 'Expr, 'f[[],'Z:Expr], 'one, 
  'W:Expr <- '0.Elt ; 
  'Z:Expr <- '@1:Expr, 
  'Y:Expr <- '_+_['a.Elt,'b.Elt], '@) ; gotOneStepNarrowing(me, interpreter(0),
    1, 'f['h['_+_['a.Elt,'@1:Expr]],'@2:Expr], 'Expr, 'f[[],'Z:Expr], 'one, 
  'W:Expr <- '_+_['b.Elt,'@1:Expr] ; 
  'Z:Expr <- '@2:Expr, 
  'Y:Expr <- '_+_['a.Elt,'@1:Expr], '@) ; gotOneStepNarrowing(me, interpreter(
    0), 25, 'f['g['h['%1:Expr]],'%2:Expr], 'Expr, 'f['g[[]],'Z:Expr], 'one, 
  'W:Expr <- '_+_['b.Elt,'g['_+_['a.Elt,'%1:Expr]]] ; 
  'Z:Expr <- '%2:Expr, 
  'Y:Expr <- '%1:Expr, '%) ; gotOneStepNarrowing(me, interpreter(0), 1, 'f['g[
    'h['0.Elt]],'@1:Expr], 'Expr, 'f['g[[]],'Z:Expr], 'one, 
  'W:Expr <- '_+_['b.Elt,'g['a.Elt]] ; 
  'Z:Expr <- '@1:Expr, 
  'Y:Expr <- '0.Elt, '@) ; gotOneStepNarrowing(me, interpreter(0), 1, 'f['g['h[
    'a.Elt]],'@1:Expr], 'Expr, 'f['g[[]],'Z:Expr], 'one, 
  'W:Expr <- '_+_['b.Elt,'g['0.Elt]] ; 
  'Z:Expr <- '@1:Expr, 
  'Y:Expr <- 'a.Elt, '@) ; gotOneStepNarrowing(me, interpreter(0), 1, 'f['g['h[
    '_+_['a.Elt,'@1:Expr]]],'@2:Expr], 'Expr, 'f['g[[]],'Z:Expr], 'one, 
  'W:Expr <- '_+_['b.Elt,'g['@1:Expr]] ; 
  'Z:Expr <- '@2:Expr, 
  'Y:Expr <- '_+_['a.Elt,'@1:Expr], '@)),start: ('f['g['_+_['W:Expr,'b.Elt]],
    'Z:Expr]),irred: ('_+_['X:Expr,'b.Elt]) > noSuchResult(me, interpreter(0),
    3, true)
==========================================
erewrite in NARROW-TEST : <> < me : User | start: ('f['g['_+_['#1:Expr,
    'b.Elt]],'#2:Expr]),irred: ('_+_['#3:Expr,'b.Elt]) > createInterpreter(
    interpreterManager, me, none) .
rewrites: 114
mb applications: 0  equational rewrites: 13  rule rewrites: 14  variant
    narrowing steps: 75  narrowing steps: 12
result Configuration: <> < me : User | soln: 13,got: (gotOneStepNarrowing(me,
    interpreter(0), 31, 'f['h['_+_['b.Elt,'@1:Expr]],'@2:Expr], 'Expr, 'f[[],
    '#2:Expr], 'one, 
  '#1:Expr <- '_+_['a.Elt,'@1:Expr] ; 
  '#2:Expr <- '@2:Expr, 
  'Y:Expr <- '_+_['b.Elt,'@1:Expr], '@) ; gotOneStepNarrowing(me, interpreter(
    0), 1, 'f['h['b.Elt],'@1:Expr], 'Expr, 'f[[],'#2:Expr], 'one, 
  '#1:Expr <- 'a.Elt ; 
  '#2:Expr <- '@1:Expr, 
  'Y:Expr <- 'b.Elt, '@) ; gotOneStepNarrowing(me, interpreter(0), 19, 'f['h[
    '_+_['a.Elt,'b.Elt,'%1:Expr]],'%2:Expr], 'Expr, 'f[[],'#2:Expr], 'one, 
  '#1:Expr <- '%1:Expr ; 
  '#2:Expr <- '%2:Expr, 
  'Y:Expr <- '_+_['a.Elt,'b.Elt,'%1:Expr], '%) ; gotOneStepNarrowing(me,
    interpreter(0), 1, 'f['h['%1:Expr],'%2:Expr], 'Expr, 'f[[],'#2:Expr], 'one,
    
  '#1:Expr <- '_+_['a.Elt,'b.Elt,'%1:Expr] ; 
  '#2:Expr <- '%2:Expr, 
  'Y:Expr <- '%1:Expr, '%) ; gotOneStepNarrowing(me, interpreter(0), 1, 'f['h[
    '0.Elt],'@1:Expr], 'Expr, 'f[[],'#2:Expr], 'one, 
  '#1:Expr <- '_+_['a.Elt,'b.Elt] ; 
  '#2:Expr <- '@1:Expr, 
  'Y:Expr <- '0.Elt, '@) ; gotOneStepNarrowing(me, interpreter(0), 1, 'f['h[
    'a.Elt],'@1:Expr], 'Expr, 'f[[],'#2:Expr], 'one, 
  '#1:Expr <- 'b.Elt ; 
  '#2:Expr <- '@1:Expr, 
  'Y:Expr <- 'a.Elt, '@) ; gotOneStepNarrowing(me, interpreter(0), 1, 'f['h[
    '_+_['a.Elt,'b.Elt]],'@1:Expr], 'Expr, 'f[[],'#2:Expr], 'one, 
  '#1:Expr <- '0.Elt ; 
  '#2:Expr <- '@1:Expr, 
  'Y:Expr <- '_+_['a.Elt,'b.Elt], '@) ; gotOneStepNarrowing(me, interpreter(0),
    1, 'f['h['_+_['a.Elt,'@1:Expr]],'@2:Expr], 'Expr, 'f[[],'#2:Expr], 'one, 
  '#1:Expr <- '_+_['b.Elt,'@1:Expr] ; 
  '#2:Expr <- '@2:Expr, 
  'Y:Expr <- '_+_['a.Elt,'@1:Expr], '@) ; gotOneStepNarrowing(me, interpreter(
    0), 25, 'f['g['h['%1:Expr]],'%2:Expr], 'Expr, 'f['g[[]],'#2:Expr], 'one, 
  '#1:Expr <- '_+_['b.Elt,'g['_+_['a.Elt,'%1:Expr]]] ; 
  '#2:Expr <- '%2:Expr, 
  'Y:Expr <- '%1:Expr, '%) ; gotOneStepNarrowing(me, interpreter(0), 1, 'f['g[
    'h['0.Elt]],'@1:Expr], 'Expr, 'f['g[[]],'#2:Expr], 'one, 
  '#1:Expr <- '_+_['b.Elt,'g['a.Elt]] ; 
  '#2:Expr <- '@1:Expr, 
  'Y:Expr <- '0.Elt, '@) ; gotOneStepNarrowing(me, interpreter(0), 1, 'f['g['h[
    'a.Elt]],'@1:Expr], 'Expr, 'f['g[[]],'#2:Expr], 'one, 
  '#1:Expr <- '_+_['b.Elt,'g['0.Elt]] ; 
  '#2:Expr <- '@1:Expr, 
  'Y:Expr <- 'a.Elt, '@) ; gotOneStepNarrowing(me, interpreter(0), 1, 'f['g['h[
    '_+_['a.Elt,'@1:Expr]]],'@2:Expr], 'Expr, 'f['g[[]],'#2:Expr], 'one, 
  '#1:Expr <- '_+_['b.Elt,'g['@1:Expr]] ; 
  '#2:Expr <- '@2:Expr, 
  'Y:Expr <- '_+_['a.Elt,'@1:Expr], '@)),start: ('f['g['_+_['#1:Expr,'b.Elt]],
    '#2:Expr]),irred: ('_+_['#3:Expr,'b.Elt]) > noSuchResult(me, interpreter(
    0), 3, true)
Bye.
